scheduler.c:18:6:SCH_Init	16	static
scheduler.c:38:6:SCH_Update	4	static
scheduler.c:48:6:SCH_Dispatch_Tasks	48	static
scheduler.c:73:10:SCH_Add_Task	40	static
scheduler.c:117:9:SCH_Delete_Task	24	static
scheduler.c:142:10:push	8	static
scheduler.c:149:9:pop	8	static
scheduler.c:160:6:Timer_Init	4	static
scheduler.c:163:6:Watchdog_Init	4	static
scheduler.c:166:6:SCH_Report_Status	4	static
scheduler.c:172:6:SCH_Go_To_Sleep	4	static
scheduler.c:176:6:SCH_Shift_End_Tasks	32	static
scheduler.c:188:6:SCH_Shift_Start_Tasks	32	static
