main.c:76:6:setTimer0	16	static
main.c:81:6:timer_run0	4	static
main.c:90:15:getTimer0	4	static
main.c:94:6:HAL_UART_RxCpltCallback	16	static
main.c:105:6:command_parser_fsm	32	static
main.c:138:6:send_ADC_data	48	static
main.c:151:6:uart_communiation_fsm	8	static
main.c:196:5:main	8	static
main.c:248:6:SystemClock_Config	88	static
main.c:291:13:MX_ADC1_Init	24	static
main.c:336:13:MX_TIM2_Init	32	static
main.c:381:13:MX_USART2_UART_Init	8	static
main.c:414:13:MX_GPIO_Init	32	static
main.c:434:6:HAL_TIM_PeriodElapsedCallback	16	static
main.c:445:6:Error_Handler	4	static,ignoring_inline_asm
